<html>
<body>
<pre>
<h1>礦ision Build Log</h1>
<h2>Project:</h2>
E:\进行中\485接口板\程序\485tst\comm485.uvproj
Project File Date:  09/09/2013

<h2>Output:</h2>
Rebuild target 'Target 1'
compiling core_cm0.c...
compiling system_NUC1xx.c...
assembling startup_NUC1xx.s...
compiling IO_logic.c...
compiling main.c...
compiling public.c...
compiling TimerAPI.c...
compiling UartAPI.c...
compiling DrvGPIO.c...
compiling DrvSYS.c...
compiling DrvTIMER.c...
compiling DrvUART.c...
compiling retarget.c...
linking...
Program Size: Code=16512 RO-data=256 RW-data=188 ZI-data=1348  
FromELF: creating hex file...
".\OBJ\comm485.axf" - 0 Errors, 0 Warning(s).
Load "E:\\进行中\\485接口板\\程序\\485tst\\OBJ\\comm485.axf" 
