Product: MDK-ARM Standard 5.10
Component: ARM Compiler 5.04 update 1 (build 49)
Tool: armlink [5040049]

==============================================================================

Image Symbol Table

    Local Symbols

    Symbol Name                              Value     Ov Type        Size  Object(Section)

    RESET                                    0x00000000   Section      192  startup_nuc1xx.o(RESET)
    ../clib/../cmprslib/zerorunl2.c          0x00000000   Number         0  __dczerorl2.o ABSOLUTE
    ../clib/angel/boardlib.s                 0x00000000   Number         0  boardshut.o ABSOLUTE
    ../clib/angel/boardlib.s                 0x00000000   Number         0  boardinit2.o ABSOLUTE
    ../clib/angel/boardlib.s                 0x00000000   Number         0  boardinit3.o ABSOLUTE
    ../clib/angel/boardlib.s                 0x00000000   Number         0  boardinit1.o ABSOLUTE
    ../clib/angel/handlers.s                 0x00000000   Number         0  __scatter_zi.o ABSOLUTE
    ../clib/angel/kernel.s                   0x00000000   Number         0  rtentry.o ABSOLUTE
    ../clib/angel/kernel.s                   0x00000000   Number         0  rtentry2.o ABSOLUTE
    ../clib/angel/kernel.s                   0x00000000   Number         0  rtentry4.o ABSOLUTE
    ../clib/angel/kernel.s                   0x00000000   Number         0  rtexit2.o ABSOLUTE
    ../clib/angel/kernel.s                   0x00000000   Number         0  rtexit.o ABSOLUTE
    ../clib/angel/rt.s                       0x00000000   Number         0  aeabi_idiv0.o ABSOLUTE
    ../clib/angel/rt.s                       0x00000000   Number         0  aeabi_idiv0_sigfpe.o ABSOLUTE
    ../clib/angel/rt.s                       0x00000000   Number         0  rt_div0.o ABSOLUTE
    ../clib/angel/rt.s                       0x00000000   Number         0  rt_raise.o ABSOLUTE
    ../clib/angel/scatterp.s                 0x00000000   Number         0  __scatter.o ABSOLUTE
    ../clib/angel/startup.s                  0x00000000   Number         0  __main.o ABSOLUTE
    ../clib/angel/sys.s                      0x00000000   Number         0  indicate_semi.o ABSOLUTE
    ../clib/angel/sys.s                      0x00000000   Number         0  sys_stackheap_outer.o ABSOLUTE
    ../clib/angel/sys.s                      0x00000000   Number         0  libspace.o ABSOLUTE
    ../clib/angel/sys.s                      0x00000000   Number         0  tempstk.o ABSOLUTE
    ../clib/angel/sys.s                      0x00000000   Number         0  use_no_semi.o ABSOLUTE
    ../clib/angel/sysapp.c                   0x00000000   Number         0  sys_exit.o ABSOLUTE
    ../clib/angel/sysapp.c                   0x00000000   Number         0  sys_command.o ABSOLUTE
    ../clib/armsys.c                         0x00000000   Number         0  no_argv.o ABSOLUTE
    ../clib/armsys.c                         0x00000000   Number         0  _get_argv_nomalloc.o ABSOLUTE
    ../clib/armsys.c                         0x00000000   Number         0  argv_veneer.o ABSOLUTE
    ../clib/assert.c                         0x00000000   Number         0  assert_puts.o ABSOLUTE
    ../clib/assert.c                         0x00000000   Number         0  assert.o ABSOLUTE
    ../clib/division.s                       0x00000000   Number         0  aeabi_sdiv_div0.o ABSOLUTE
    ../clib/division.s                       0x00000000   Number         0  aeabi_sdiv.o ABSOLUTE
    ../clib/heapalloc.c                      0x00000000   Number         0  hrguard.o ABSOLUTE
    ../clib/heapaux.c                        0x00000000   Number         0  heapauxi.o ABSOLUTE
    ../clib/libinit.s                        0x00000000   Number         0  libshutdown2.o ABSOLUTE
    ../clib/libinit.s                        0x00000000   Number         0  libshutdown.o ABSOLUTE
    ../clib/libinit.s                        0x00000000   Number         0  libinit2.o ABSOLUTE
    ../clib/libinit.s                        0x00000000   Number         0  libinit.o ABSOLUTE
    ../clib/memcpset.c                       0x00000000   Number         0  rt_memcpy.o ABSOLUTE
    ../clib/memcpset.c                       0x00000000   Number         0  rt_memcpy.o ABSOLUTE
    ../clib/misc.s                           0x00000000   Number         0  printf_stubs.o ABSOLUTE
    ../clib/signal.c                         0x00000000   Number         0  defsig_fpe_outer.o ABSOLUTE
    ../clib/signal.c                         0x00000000   Number         0  defsig_cppl_inner.o ABSOLUTE
    ../clib/signal.c                         0x00000000   Number         0  defsig_pvfn_inner.o ABSOLUTE
    ../clib/signal.c                         0x00000000   Number         0  defsig_general.o ABSOLUTE
    ../clib/signal.c                         0x00000000   Number         0  defsig_stak_inner.o ABSOLUTE
    ../clib/signal.c                         0x00000000   Number         0  defsig_rtmem_inner.o ABSOLUTE
    ../clib/signal.c                         0x00000000   Number         0  __raise.o ABSOLUTE
    ../clib/signal.c                         0x00000000   Number         0  defsig_exit.o ABSOLUTE
    ../clib/signal.c                         0x00000000   Number         0  defsig_rtmem_outer.o ABSOLUTE
    ../clib/signal.c                         0x00000000   Number         0  defsig_abrt_inner.o ABSOLUTE
    ../clib/signal.c                         0x00000000   Number         0  defsig_fpe_formal.o ABSOLUTE
    ../clib/signal.c                         0x00000000   Number         0  defsig_rtmem_formal.o ABSOLUTE
    ../clib/signal.c                         0x00000000   Number         0  defsig_abrt_outer.o ABSOLUTE
    ../clib/signal.c                         0x00000000   Number         0  defsig_abrt_formal.o ABSOLUTE
    ../clib/signal.c                         0x00000000   Number         0  defsig_fpe_inner.o ABSOLUTE
    ../clib/signal.c                         0x00000000   Number         0  defsig_other.o ABSOLUTE
    ../clib/signal.c                         0x00000000   Number         0  defsig_segv_inner.o ABSOLUTE
    ../clib/signal.c                         0x00000000   Number         0  defsig_rtred_inner.o ABSOLUTE
    ../clib/signal.s                         0x00000000   Number         0  defsig.o ABSOLUTE
    ../clib/stdlib.c                         0x00000000   Number         0  abort.o ABSOLUTE
    ../clib/stdlib.c                         0x00000000   Number         0  exit.o ABSOLUTE
    ../fplib/cfplib/fpinit.c                 0x00000000   Number         0  fpinit.o ABSOLUTE
    BSP_lib\Src\Driver\DrvGPIO.c             0x00000000   Number         0  drvgpio.o ABSOLUTE
    BSP_lib\Src\Driver\DrvSYS.c              0x00000000   Number         0  drvsys.o ABSOLUTE
    BSP_lib\Src\Driver\DrvTIMER.c            0x00000000   Number         0  drvtimer.o ABSOLUTE
    BSP_lib\Src\Driver\DrvUART.c             0x00000000   Number         0  drvuart.o ABSOLUTE
    BSP_lib\Src\Driver\retarget.c            0x00000000   Number         0  retarget.o ABSOLUTE
    CMSIS\CMOSupport\core_cm0.c              0x00000000   Number         0  core_cm0.o ABSOLUTE
    CMSIS\NUC1xxSupport\system_NUC1xx.c      0x00000000   Number         0  system_nuc1xx.o ABSOLUTE
    CMSIS\STARTUP\startup_NUC1xx.s           0x00000000   Number         0  startup_nuc1xx.o ABSOLUTE
    CMSIS\\CMOSupport\\core_cm0.c            0x00000000   Number         0  core_cm0.o ABSOLUTE
    User\src\IO_logic.c                      0x00000000   Number         0  io_logic.o ABSOLUTE
    User\src\UartAPI.c                       0x00000000   Number         0  uartapi.o ABSOLUTE
    User\src\main.c                          0x00000000   Number         0  main.o ABSOLUTE
    User\src\public.c                        0x00000000   Number         0  public.o ABSOLUTE
    dc.s                                     0x00000000   Number         0  dc.o ABSOLUTE
    modbus\MBport\port.c                     0x00000000   Number         0  port.o ABSOLUTE
    modbus\MBport\portevent.c                0x00000000   Number         0  portevent.o ABSOLUTE
    modbus\MBport\portserial.c               0x00000000   Number         0  portserial.o ABSOLUTE
    modbus\MBport\porttimer.c                0x00000000   Number         0  porttimer.o ABSOLUTE
    modbus\functions\mbfunccoils.c           0x00000000   Number         0  mbfunccoils.o ABSOLUTE
    modbus\functions\mbfuncdisc.c            0x00000000   Number         0  mbfuncdisc.o ABSOLUTE
    modbus\functions\mbfuncholding.c         0x00000000   Number         0  mbfuncholding.o ABSOLUTE
    modbus\functions\mbfuncinput.c           0x00000000   Number         0  mbfuncinput.o ABSOLUTE
    modbus\functions\mbfuncother.c           0x00000000   Number         0  mbfuncother.o ABSOLUTE
    modbus\functions\mbutils.c               0x00000000   Number         0  mbutils.o ABSOLUTE
    modbus\mb.c                              0x00000000   Number         0  mb.o ABSOLUTE
    modbus\rtu\mbcrc.c                       0x00000000   Number         0  mbcrc.o ABSOLUTE
    modbus\rtu\mbrtu.c                       0x00000000   Number         0  mbrtu.o ABSOLUTE
    !!!main                                  0x000000c0   Section        8  __main.o(!!!main)
    !!!scatter                               0x000000c8   Section       60  __scatter.o(!!!scatter)
    !!handler_zi                             0x00000104   Section       28  __scatter_zi.o(!!handler_zi)
    .ARM.Collect$$libinit$$00000000          0x00000120   Section        2  libinit.o(.ARM.Collect$$libinit$$00000000)
    .ARM.Collect$$libinit$$00000001          0x00000122   Section        4  libinit2.o(.ARM.Collect$$libinit$$00000001)
    .ARM.Collect$$libinit$$00000008          0x00000126   Section        0  libinit2.o(.ARM.Collect$$libinit$$00000008)
    .ARM.Collect$$libinit$$0000000A          0x00000126   Section        0  libinit2.o(.ARM.Collect$$libinit$$0000000A)
    .ARM.Collect$$libinit$$0000000C          0x00000126   Section        0  libinit2.o(.ARM.Collect$$libinit$$0000000C)
    .ARM.Collect$$libinit$$0000000F          0x00000126   Section        0  libinit2.o(.ARM.Collect$$libinit$$0000000F)
    .ARM.Collect$$libinit$$00000011          0x00000126   Section        0  libinit2.o(.ARM.Collect$$libinit$$00000011)
    .ARM.Collect$$libinit$$00000013          0x00000126   Section        0  libinit2.o(.ARM.Collect$$libinit$$00000013)
    .ARM.Collect$$libinit$$00000015          0x00000126   Section        0  libinit2.o(.ARM.Collect$$libinit$$00000015)
    .ARM.Collect$$libinit$$00000017          0x00000126   Section        0  libinit2.o(.ARM.Collect$$libinit$$00000017)
    .ARM.Collect$$libinit$$00000019          0x00000126   Section        0  libinit2.o(.ARM.Collect$$libinit$$00000019)
    .ARM.Collect$$libinit$$0000001B          0x00000126   Section        0  libinit2.o(.ARM.Collect$$libinit$$0000001B)
    .ARM.Collect$$libinit$$0000001D          0x00000126   Section        0  libinit2.o(.ARM.Collect$$libinit$$0000001D)
    .ARM.Collect$$libinit$$0000001F          0x00000126   Section        0  libinit2.o(.ARM.Collect$$libinit$$0000001F)
    .ARM.Collect$$libinit$$00000021          0x00000126   Section        0  libinit2.o(.ARM.Collect$$libinit$$00000021)
    .ARM.Collect$$libinit$$00000023          0x00000126   Section        0  libinit2.o(.ARM.Collect$$libinit$$00000023)
    .ARM.Collect$$libinit$$0000002A          0x00000126   Section        0  libinit2.o(.ARM.Collect$$libinit$$0000002A)
    .ARM.Collect$$libinit$$0000002C          0x00000126   Section        0  libinit2.o(.ARM.Collect$$libinit$$0000002C)
    .ARM.Collect$$libinit$$0000002E          0x00000126   Section        0  libinit2.o(.ARM.Collect$$libinit$$0000002E)
    .ARM.Collect$$libinit$$00000030          0x00000126   Section        0  libinit2.o(.ARM.Collect$$libinit$$00000030)
    .ARM.Collect$$libinit$$00000031          0x00000126   Section        2  libinit2.o(.ARM.Collect$$libinit$$00000031)
    .ARM.Collect$$libshutdown$$00000000      0x00000128   Section        2  libshutdown.o(.ARM.Collect$$libshutdown$$00000000)
    .ARM.Collect$$libshutdown$$00000003      0x0000012a   Section        0  libshutdown2.o(.ARM.Collect$$libshutdown$$00000003)
    .ARM.Collect$$libshutdown$$00000006      0x0000012a   Section        0  libshutdown2.o(.ARM.Collect$$libshutdown$$00000006)
    .ARM.Collect$$libshutdown$$00000009      0x0000012a   Section        0  libshutdown2.o(.ARM.Collect$$libshutdown$$00000009)
    .ARM.Collect$$libshutdown$$0000000B      0x0000012a   Section        0  libshutdown2.o(.ARM.Collect$$libshutdown$$0000000B)
    .ARM.Collect$$libshutdown$$0000000E      0x0000012a   Section        0  libshutdown2.o(.ARM.Collect$$libshutdown$$0000000E)
    .ARM.Collect$$libshutdown$$0000000F      0x0000012a   Section        2  libshutdown2.o(.ARM.Collect$$libshutdown$$0000000F)
    .ARM.Collect$$rtentry$$00000000          0x0000012c   Section        0  rtentry.o(.ARM.Collect$$rtentry$$00000000)
    .ARM.Collect$$rtentry$$00000002          0x0000012c   Section        0  rtentry2.o(.ARM.Collect$$rtentry$$00000002)
    .ARM.Collect$$rtentry$$00000004          0x0000012c   Section        6  rtentry4.o(.ARM.Collect$$rtentry$$00000004)
    .ARM.Collect$$rtentry$$00000009          0x00000132   Section        0  rtentry2.o(.ARM.Collect$$rtentry$$00000009)
    .ARM.Collect$$rtentry$$0000000A          0x00000132   Section        4  rtentry2.o(.ARM.Collect$$rtentry$$0000000A)
    .ARM.Collect$$rtentry$$0000000C          0x00000136   Section        0  rtentry2.o(.ARM.Collect$$rtentry$$0000000C)
    .ARM.Collect$$rtentry$$0000000D          0x00000136   Section        8  rtentry2.o(.ARM.Collect$$rtentry$$0000000D)
    .ARM.Collect$$rtexit$$00000000           0x0000013e   Section        2  rtexit.o(.ARM.Collect$$rtexit$$00000000)
    .ARM.Collect$$rtexit$$00000002           0x00000140   Section        0  rtexit2.o(.ARM.Collect$$rtexit$$00000002)
    .ARM.Collect$$rtexit$$00000003           0x00000140   Section        4  rtexit2.o(.ARM.Collect$$rtexit$$00000003)
    .ARM.Collect$$rtexit$$00000004           0x00000144   Section        6  rtexit2.o(.ARM.Collect$$rtexit$$00000004)
    .emb_text                                0x0000014c   Section       56  rt_memcpy.o(.emb_text)
    .text                                    0x00000184   Section      100  startup_nuc1xx.o(.text)
    Default_Handler                          0x000001af   Thumb Code     2  startup_nuc1xx.o(.text)
    .text                                    0x000001e8   Section        0  assert.o(.text)
    .text                                    0x00000264   Section        0  rt_memcpy.o(.text)
    .text                                    0x000002e6   Section      346  aeabi_sdiv.o(.text)
    .text                                    0x00000440   Section        0  heapauxi.o(.text)
    .text                                    0x00000446   Section        0  abort.o(.text)
    .text                                    0x00000456   Section        0  assert_puts.o(.text)
    .text                                    0x0000046c   Section        0  sys_exit.o(.text)
    .text                                    0x00000478   Section        0  defsig_abrt_outer.o(.text)
    .text                                    0x00000484   Section        2  use_no_semi.o(.text)
    .text                                    0x00000486   Section       62  sys_stackheap_outer.o(.text)
    .text                                    0x00000486   Section        0  indicate_semi.o(.text)
    .text                                    0x000004c4   Section        0  exit.o(.text)
    .text                                    0x000004d0   Section        0  defsig_exit.o(.text)
    .text                                    0x000004dc   Section        0  defsig_abrt_inner.o(.text)
    .text                                    0x0000050c   Section        8  libspace.o(.text)
    .text                                    0x00000514   Section        0  defsig_general.o(.text)
    .text                                    0x00000548   Section        0  __dczerorl2.o(.text)
    i.BOD_IRQHandler                         0x000005a0   Section        0  drvsys.o(i.BOD_IRQHandler)
    i.BaudRateCalculator                     0x000005c8   Section        0  drvuart.o(i.BaudRateCalculator)
    BaudRateCalculator                       0x000005c9   Thumb Code   204  drvuart.o(i.BaudRateCalculator)
    i.ClkInit                                0x0000069c   Section        0  main.o(i.ClkInit)
    i.DataExInit                             0x000006d0   Section        0  uartapi.o(i.DataExInit)
    i.DataExRoutine                          0x00000920   Section        0  uartapi.o(i.DataExRoutine)
    i.DrvGPIO_InitFunction                   0x00000a64   Section        0  drvgpio.o(i.DrvGPIO_InitFunction)
    i.DrvGPIO_Open                           0x000011bc   Section        0  drvgpio.o(i.DrvGPIO_Open)
    i.DrvSYS_Delay                           0x00001244   Section        0  drvsys.o(i.DrvSYS_Delay)
    i.DrvSYS_GetExtClockFreq                 0x00001270   Section        0  drvsys.o(i.DrvSYS_GetExtClockFreq)
    i.DrvSYS_GetPLLClockFreq                 0x00001278   Section        0  drvsys.o(i.DrvSYS_GetPLLClockFreq)
    i.DrvSYS_SelectHCLKSource                0x000012f0   Section        0  drvsys.o(i.DrvSYS_SelectHCLKSource)
    i.DrvSYS_SelectIPClockSource             0x00001328   Section        0  drvsys.o(i.DrvSYS_SelectIPClockSource)
    i.DrvSYS_SetOscCtrl                      0x00001488   Section        0  drvsys.o(i.DrvSYS_SetOscCtrl)
    i.DrvSYS_SetPLLMode                      0x00001508   Section        0  drvsys.o(i.DrvSYS_SetPLLMode)
    i.DrvUART_EnableInt                      0x0000153c   Section        0  drvuart.o(i.DrvUART_EnableInt)
    i.DrvUART_Open                           0x0000163c   Section        0  drvuart.o(i.DrvUART_Open)
    i.DrvUART_SetFnRS485                     0x000018a4   Section        0  drvuart.o(i.DrvUART_SetFnRS485)
    i.EINT0_IRQHandler                       0x00001968   Section        0  drvgpio.o(i.EINT0_IRQHandler)
    i.EINT1_IRQHandler                       0x0000198c   Section        0  drvgpio.o(i.EINT1_IRQHandler)
    i.EnterCriticalSection                   0x000019b0   Section        0  port.o(i.EnterCriticalSection)
    i.ExitCriticalSection                    0x000019b4   Section        0  port.o(i.ExitCriticalSection)
    i.GPAB_IRQHandler                        0x000019b8   Section        0  drvgpio.o(i.GPAB_IRQHandler)
    i.GPCDE_IRQHandler                       0x000019fc   Section        0  drvgpio.o(i.GPCDE_IRQHandler)
    i.GPIOInit                               0x00001a48   Section        0  io_logic.o(i.GPIOInit)
    i.GetUart1Baud                           0x00001ab4   Section        0  io_logic.o(i.GetUart1Baud)
    i.GetUartClk                             0x00001b0c   Section        0  drvuart.o(i.GetUartClk)
    GetUartClk                               0x00001b0d   Thumb Code    64  drvuart.o(i.GetUartClk)
    i.MBCoilsRead                            0x00001b54   Section        0  uartapi.o(i.MBCoilsRead)
    i.MBCoilsWrite                           0x00001b78   Section        0  uartapi.o(i.MBCoilsWrite)
    i.MBDiscreteRead                         0x00001ba0   Section        0  uartapi.o(i.MBDiscreteRead)
    i.MBHoldingRegRead                       0x00001bd0   Section        0  uartapi.o(i.MBHoldingRegRead)
    i.MBHoldingRegWrite                      0x00001d7c   Section        0  uartapi.o(i.MBHoldingRegWrite)
    i.MBInputRegRead                         0x00001f80   Section        0  uartapi.o(i.MBInputRegRead)
    i.NVIC_EnableIRQ                         0x00002000   Section        0  drvuart.o(i.NVIC_EnableIRQ)
    NVIC_EnableIRQ                           0x00002001   Thumb Code    14  drvuart.o(i.NVIC_EnableIRQ)
    i.PWRWU_IRQHandler                       0x00002014   Section        0  drvsys.o(i.PWRWU_IRQHandler)
    i.SendChar                               0x0000203c   Section        0  retarget.o(i.SendChar)
    i.SendChar_ToUART                        0x00002048   Section        0  retarget.o(i.SendChar_ToUART)
    i.SystemCoreClockUpdate                  0x00002078   Section        0  system_nuc1xx.o(i.SystemCoreClockUpdate)
    i.SystemInit                             0x00002118   Section        0  system_nuc1xx.o(i.SystemInit)
    i.TMR0_IRQHandler                        0x0000211c   Section        0  drvtimer.o(i.TMR0_IRQHandler)
    i.TMR1_IRQHandler                        0x000021b8   Section        0  drvtimer.o(i.TMR1_IRQHandler)
    i.TMR2_IRQHandler                        0x0000222c   Section        0  drvtimer.o(i.TMR2_IRQHandler)
    i.TMR3_IRQHandler                        0x000022c8   Section        0  drvtimer.o(i.TMR3_IRQHandler)
    i.UART02_IRQHandler                      0x00002364   Section        0  drvuart.o(i.UART02_IRQHandler)
    i.UART0Handler                           0x000023a0   Section        0  portserial.o(i.UART0Handler)
    UART0Handler                             0x000023a1   Thumb Code   146  portserial.o(i.UART0Handler)
    i.UART1_IRQHandler                       0x0000243c   Section        0  drvuart.o(i.UART1_IRQHandler)
    i.Uart1Init                              0x0000245c   Section        0  uartapi.o(i.Uart1Init)
    i.Uart1Receive                           0x00002488   Section        0  uartapi.o(i.Uart1Receive)
    i.Uart1Send                              0x000024c4   Section        0  uartapi.o(i.Uart1Send)
    i.WDT_IRQHandler                         0x000024dc   Section        0  drvtimer.o(i.WDT_IRQHandler)
    i.__ARM_common_switch8                   0x00002510   Section        0  io_logic.o(i.__ARM_common_switch8)
    i._ttywrch                               0x0000252c   Section        0  retarget.o(i._ttywrch)
    i.eMBEnable                              0x00002538   Section        0  mb.o(i.eMBEnable)
    i.eMBFuncReadCoils                       0x00002560   Section        0  mbfunccoils.o(i.eMBFuncReadCoils)
    i.eMBFuncReadDiscreteInputs              0x0000261a   Section        0  mbfuncdisc.o(i.eMBFuncReadDiscreteInputs)
    i.eMBFuncReadHoldingRegister             0x000026d2   Section        0  mbfuncholding.o(i.eMBFuncReadHoldingRegister)
    i.eMBFuncReadInputRegister               0x0000275c   Section        0  mbfuncinput.o(i.eMBFuncReadInputRegister)
    i.eMBFuncReadWriteMultipleHoldingRegister 0x000027e6   Section        0  mbfuncholding.o(i.eMBFuncReadWriteMultipleHoldingRegister)
    i.eMBFuncReportSlaveID                   0x000028c8   Section        0  mbfuncother.o(i.eMBFuncReportSlaveID)
    i.eMBFuncWriteCoil                       0x000028f0   Section        0  mbfunccoils.o(i.eMBFuncWriteCoil)
    i.eMBFuncWriteHoldingRegister            0x00002960   Section        0  mbfuncholding.o(i.eMBFuncWriteHoldingRegister)
    i.eMBFuncWriteMultipleCoils              0x000029a0   Section        0  mbfunccoils.o(i.eMBFuncWriteMultipleCoils)
    i.eMBFuncWriteMultipleHoldingRegister    0x00002a3a   Section        0  mbfuncholding.o(i.eMBFuncWriteMultipleHoldingRegister)
    i.eMBInit                                0x00002aa8   Section        0  mb.o(i.eMBInit)
    i.eMBPoll                                0x00002b84   Section        0  mb.o(i.eMBPoll)
    i.eMBRTUInit                             0x00002ccc   Section        0  mbrtu.o(i.eMBRTUInit)
    i.eMBRTUReceive                          0x00002d2c   Section        0  mbrtu.o(i.eMBRTUReceive)
    i.eMBRTUSend                             0x00002dc8   Section        0  mbrtu.o(i.eMBRTUSend)
    i.eMBRTUStart                            0x00002e54   Section        0  mbrtu.o(i.eMBRTUStart)
    i.eMBRTUStop                             0x00002e7c   Section        0  mbrtu.o(i.eMBRTUStop)
    i.eMBRegCoilsCB                          0x00002e94   Section        0  uartapi.o(i.eMBRegCoilsCB)
    i.eMBRegDiscreteCB                       0x00002f4c   Section        0  uartapi.o(i.eMBRegDiscreteCB)
    i.eMBRegHoldingCB                        0x00002fb0   Section        0  uartapi.o(i.eMBRegHoldingCB)
    i.eMBRegInputCB                          0x00003108   Section        0  uartapi.o(i.eMBRegInputCB)
    i.eMBSetSlaveID                          0x00003154   Section        0  mbfuncother.o(i.eMBSetSlaveID)
    i.main                                   0x000031c8   Section        0  main.o(i.main)
    i.prveMBError2Exception                  0x000031f0   Section        0  mbutils.o(i.prveMBError2Exception)
    i.prvvUARTRxISR                          0x00003214   Section        0  portserial.o(i.prvvUARTRxISR)
    prvvUARTRxISR                            0x00003215   Thumb Code    10  portserial.o(i.prvvUARTRxISR)
    i.prvvUARTTxReadyISR                     0x00003224   Section        0  portserial.o(i.prvvUARTTxReadyISR)
    prvvUARTTxReadyISR                       0x00003225   Thumb Code    10  portserial.o(i.prvvUARTTxReadyISR)
    i.usMBCRC16                              0x00003234   Section        0  mbcrc.o(i.usMBCRC16)
    i.vMBPortSerialEnable                    0x0000326c   Section        0  portserial.o(i.vMBPortSerialEnable)
    i.vMBPortTimersDisable                   0x000032bc   Section        0  porttimer.o(i.vMBPortTimersDisable)
    i.vMBPortTimersEnable                    0x000032be   Section        0  porttimer.o(i.vMBPortTimersEnable)
    i.xMBPortEventGet                        0x000032c0   Section        0  portevent.o(i.xMBPortEventGet)
    i.xMBPortEventInit                       0x000032e4   Section        0  portevent.o(i.xMBPortEventInit)
    i.xMBPortEventPost                       0x000032f4   Section        0  portevent.o(i.xMBPortEventPost)
    i.xMBPortSerialGetByte                   0x0000330c   Section        0  portserial.o(i.xMBPortSerialGetByte)
    i.xMBPortSerialInit                      0x00003334   Section        0  portserial.o(i.xMBPortSerialInit)
    i.xMBPortSerialPutByte                   0x000033fc   Section        0  portserial.o(i.xMBPortSerialPutByte)
    i.xMBPortTimersInit                      0x00003418   Section        0  porttimer.o(i.xMBPortTimersInit)
    i.xMBRTUReceiveFSM                       0x00003450   Section        0  mbrtu.o(i.xMBRTUReceiveFSM)
    i.xMBRTUTimerT35Expired                  0x00003544   Section        0  mbrtu.o(i.xMBRTUTimerT35Expired)
    i.xMBRTUTransmitFSM                      0x000035f4   Section        0  mbrtu.o(i.xMBRTUTransmitFSM)
    i.xMBUtilGetBits                         0x000036cc   Section        0  mbutils.o(i.xMBUtilGetBits)
    i.xMBUtilSetBits                         0x00003700   Section        0  mbutils.o(i.xMBUtilSetBits)
    .constdata                               0x00003798   Section      512  mbcrc.o(.constdata)
    aucCRCHi                                 0x00003798   Data         256  mbcrc.o(.constdata)
    aucCRCLo                                 0x00003898   Data         256  mbcrc.o(.constdata)
    .constdata                               0x00003998   Section       16  drvsys.o(.constdata)
    .conststring                             0x000039a8   Section       65  mbrtu.o(.conststring)
    .data                                    0x20000000   Section       28  uartapi.o(.data)
    usRegInputStart                          0x20000006   Data           2  uartapi.o(.data)
    usRegHoldingStart                        0x20000008   Data           2  uartapi.o(.data)
    usRegCoilsStart                          0x2000000a   Data           2  uartapi.o(.data)
    usRegCoilsBuf                            0x2000000c   Data           4  uartapi.o(.data)
    usRegDiscreteStart                       0x20000010   Data           2  uartapi.o(.data)
    usRegDiscreteBuf                         0x20000012   Data           8  uartapi.o(.data)
    .data                                    0x2000001c   Section        2  portevent.o(.data)
    eQueuedEvent                             0x2000001c   Data           1  portevent.o(.data)
    xEventInQueue                            0x2000001d   Data           1  portevent.o(.data)
    .data                                    0x20000020   Section       12  mbrtu.o(.data)
    eSndState                                0x20000020   Data           1  mbrtu.o(.data)
    eRcvState                                0x20000021   Data           1  mbrtu.o(.data)
    pucSndBufferCur                          0x20000024   Data           4  mbrtu.o(.data)
    usSndBufferCount                         0x20000028   Data           2  mbrtu.o(.data)
    usRcvBufferPos                           0x2000002a   Data           2  mbrtu.o(.data)
    .data                                    0x2000002c   Section        2  mbfuncother.o(.data)
    usMBSlaveIDLen                           0x2000002c   Data           2  mbfuncother.o(.data)
    .data                                    0x20000030   Section      181  mb.o(.data)
    ucMBAddress                              0x20000030   Data           1  mb.o(.data)
    eMBCurrentMode                           0x20000031   Data           1  mb.o(.data)
    eMBState                                 0x20000032   Data           1  mb.o(.data)
    peMBFrameSendCur                         0x20000034   Data           4  mb.o(.data)
    pvMBFrameStartCur                        0x20000038   Data           4  mb.o(.data)
    pvMBFrameStopCur                         0x2000003c   Data           4  mb.o(.data)
    peMBFrameReceiveCur                      0x20000040   Data           4  mb.o(.data)
    pvMBFrameCloseCur                        0x20000044   Data           4  mb.o(.data)
    xFuncHandlers                            0x2000005c   Data         128  mb.o(.data)
    ucMBFrame                                0x200000dc   Data           4  mb.o(.data)
    ucRcvAddress                             0x200000e0   Data           1  mb.o(.data)
    ucFunctionCode                           0x200000e1   Data           1  mb.o(.data)
    usLength                                 0x200000e2   Data           2  mb.o(.data)
    eException                               0x200000e4   Data           1  mb.o(.data)
    .data                                    0x200000e8   Section       16  drvgpio.o(.data)
    _pfGPABCallback                          0x200000e8   Data           4  drvgpio.o(.data)
    _pfGPCDECallback                         0x200000ec   Data           4  drvgpio.o(.data)
    _pfEINT0Callback                         0x200000f0   Data           4  drvgpio.o(.data)
    _pfEINT1Callback                         0x200000f4   Data           4  drvgpio.o(.data)
    .data                                    0x200000f8   Section        8  drvsys.o(.data)
    BOD_callbackFn                           0x200000f8   Data           4  drvsys.o(.data)
    PWRWU_callbackFn                         0x200000fc   Data           4  drvsys.o(.data)
    .data                                    0x20000100   Section      108  drvtimer.o(.data)
    uTimer0Tick                              0x20000134   Data           4  drvtimer.o(.data)
    uTimer1Tick                              0x20000138   Data           4  drvtimer.o(.data)
    uTimer2Tick                              0x2000013c   Data           4  drvtimer.o(.data)
    uTimer3Tick                              0x20000140   Data           4  drvtimer.o(.data)
    uTime0EventCount                         0x20000144   Data           4  drvtimer.o(.data)
    uTime1EventCount                         0x20000148   Data           4  drvtimer.o(.data)
    uTime2EventCount                         0x2000014c   Data           4  drvtimer.o(.data)
    uTime3EventCount                         0x20000150   Data           4  drvtimer.o(.data)
    _sys_uTimer0TickPerSecond                0x20000154   Data           4  drvtimer.o(.data)
    _sys_uTimer1TickPerSecond                0x20000158   Data           4  drvtimer.o(.data)
    _sys_uTimer2TickPerSecond                0x2000015c   Data           4  drvtimer.o(.data)
    _sys_uTimer3TickPerSecond                0x20000160   Data           4  drvtimer.o(.data)
    fnCallBack_WDT                           0x20000168   Data           4  drvtimer.o(.data)
    .data                                    0x2000016c   Section       12  drvuart.o(.data)
    g_pfnUART0callback                       0x2000016c   Data           4  drvuart.o(.data)
    g_pfnUART1callback                       0x20000170   Data           4  drvuart.o(.data)
    g_pfnUART2callback                       0x20000174   Data           4  drvuart.o(.data)
    .data                                    0x20000178   Section       28  system_nuc1xx.o(.data)
    .bss                                     0x20000194   Section      220  uartapi.o(.bss)
    usRegInputBuf                            0x20000220   Data          24  uartapi.o(.bss)
    usRegHoldingBuf                          0x20000238   Data          56  uartapi.o(.bss)
    .bss                                     0x20000270   Section      256  mbrtu.o(.bss)
    .bss                                     0x20000370   Section       32  mbfuncother.o(.bss)
    ucMBSlaveID                              0x20000370   Data          32  mbfuncother.o(.bss)
    .bss                                     0x20000390   Section       80  drvtimer.o(.bss)
    tTime0Event                              0x20000390   Data          20  drvtimer.o(.bss)
    tTime1Event                              0x200003a4   Data          20  drvtimer.o(.bss)
    tTime2Event                              0x200003b8   Data          20  drvtimer.o(.bss)
    tTime3Event                              0x200003cc   Data          20  drvtimer.o(.bss)
    .bss                                     0x200003e0   Section       96  libspace.o(.bss)
    HEAP                                     0x20000440   Section        0  startup_nuc1xx.o(HEAP)
    STACK                                    0x20000440   Section     1024  startup_nuc1xx.o(STACK)
    Heap_Mem                                 0x20000440   Data           0  startup_nuc1xx.o(HEAP)
    Stack_Mem                                0x20000440   Data        1024  startup_nuc1xx.o(STACK)
    __initial_sp                             0x20000840   Data           0  startup_nuc1xx.o(STACK)

    Global Symbols

    Symbol Name                              Value     Ov Type        Size  Object(Section)

    BuildAttributes$$THM_ISAv3M$S$PE$A:L22$X:L11$S22$IEEE1$IW$USESV6$~STKCKD$USESV7$~SHL$OSPACE$ROPI$EBA8$UX$STANDARDLIB$REQ8$PRES8$EABIv2 0x00000000   Number         0  anon$$obj.o ABSOLUTE
    __ARM_use_no_argv                        0x00000000   Number         0  main.o ABSOLUTE
    __Vectors                                0x00000000   Data           4  startup_nuc1xx.o(RESET)
    _printf_flags                            0x00000000   Number         0  printf_stubs.o ABSOLUTE
    _printf_return_value                     0x00000000   Number         0  printf_stubs.o ABSOLUTE
    _printf_sizespec                         0x00000000   Number         0  printf_stubs.o ABSOLUTE
    _printf_widthprec                        0x00000000   Number         0  printf_stubs.o ABSOLUTE
    __ARM_exceptions_init                     - Undefined Weak Reference
    __alloca_initialize                       - Undefined Weak Reference
    __cpp_initialize__aeabi_                  - Undefined Weak Reference
    __cxa_finalize                            - Undefined Weak Reference
    __rt_locale                               - Undefined Weak Reference
    __sigvec_lookup                           - Undefined Weak Reference
    _atexit_init                              - Undefined Weak Reference
    _call_atexit_fns                          - Undefined Weak Reference
    _clock_init                               - Undefined Weak Reference
    _fp_trap_init                             - Undefined Weak Reference
    _fp_trap_shutdown                         - Undefined Weak Reference
    _get_lc_collate                           - Undefined Weak Reference
    _get_lc_ctype                             - Undefined Weak Reference
    _get_lc_monetary                          - Undefined Weak Reference
    _get_lc_numeric                           - Undefined Weak Reference
    _get_lc_time                              - Undefined Weak Reference
    _getenv_init                              - Undefined Weak Reference
    _handle_redirection                       - Undefined Weak Reference
    _init_alloc                               - Undefined Weak Reference
    _init_user_alloc                          - Undefined Weak Reference
    _initio                                   - Undefined Weak Reference
    _rand_init                                - Undefined Weak Reference
    _signal_finish                            - Undefined Weak Reference
    _signal_init                              - Undefined Weak Reference
    _terminate_alloc                          - Undefined Weak Reference
    _terminate_user_alloc                     - Undefined Weak Reference
    _terminateio                              - Undefined Weak Reference
    __main                                   0x000000c1   Thumb Code     8  __main.o(!!!main)
    __scatterload                            0x000000c9   Thumb Code     0  __scatter.o(!!!scatter)
    __scatterload_rt2                        0x000000c9   Thumb Code    52  __scatter.o(!!!scatter)
    __scatterload_rt2_thumb_only             0x000000c9   Thumb Code     0  __scatter.o(!!!scatter)
    __scatterload_null                       0x000000d9   Thumb Code     0  __scatter.o(!!!scatter)
    __scatterload_zeroinit                   0x00000105   Thumb Code    28  __scatter_zi.o(!!handler_zi)
    __rt_lib_init                            0x00000121   Thumb Code     0  libinit.o(.ARM.Collect$$libinit$$00000000)
    __rt_lib_init_fp_1                       0x00000123   Thumb Code     0  libinit2.o(.ARM.Collect$$libinit$$00000001)
    __rt_lib_init_alloca_1                   0x00000127   Thumb Code     0  libinit2.o(.ARM.Collect$$libinit$$0000002C)
    __rt_lib_init_argv_1                     0x00000127   Thumb Code     0  libinit2.o(.ARM.Collect$$libinit$$0000002A)
    __rt_lib_init_atexit_1                   0x00000127   Thumb Code     0  libinit2.o(.ARM.Collect$$libinit$$00000019)
    __rt_lib_init_clock_1                    0x00000127   Thumb Code     0  libinit2.o(.ARM.Collect$$libinit$$0000001F)
    __rt_lib_init_cpp_1                      0x00000127   Thumb Code     0  libinit2.o(.ARM.Collect$$libinit$$00000030)
    __rt_lib_init_exceptions_1               0x00000127   Thumb Code     0  libinit2.o(.ARM.Collect$$libinit$$0000002E)
    __rt_lib_init_fp_trap_1                  0x00000127   Thumb Code     0  libinit2.o(.ARM.Collect$$libinit$$0000001D)
    __rt_lib_init_getenv_1                   0x00000127   Thumb Code     0  libinit2.o(.ARM.Collect$$libinit$$00000021)
    __rt_lib_init_heap_1                     0x00000127   Thumb Code     0  libinit2.o(.ARM.Collect$$libinit$$00000008)
    __rt_lib_init_lc_collate_1               0x00000127   Thumb Code     0  libinit2.o(.ARM.Collect$$libinit$$0000000F)
    __rt_lib_init_lc_ctype_1                 0x00000127   Thumb Code     0  libinit2.o(.ARM.Collect$$libinit$$00000011)
    __rt_lib_init_lc_monetary_1              0x00000127   Thumb Code     0  libinit2.o(.ARM.Collect$$libinit$$00000013)
    __rt_lib_init_lc_numeric_1               0x00000127   Thumb Code     0  libinit2.o(.ARM.Collect$$libinit$$00000015)
    __rt_lib_init_lc_time_1                  0x00000127   Thumb Code     0  libinit2.o(.ARM.Collect$$libinit$$00000017)
    __rt_lib_init_rand_1                     0x00000127   Thumb Code     0  libinit2.o(.ARM.Collect$$libinit$$0000000C)
    __rt_lib_init_return                     0x00000127   Thumb Code     0  libinit2.o(.ARM.Collect$$libinit$$00000031)
    __rt_lib_init_signal_1                   0x00000127   Thumb Code     0  libinit2.o(.ARM.Collect$$libinit$$0000001B)
    __rt_lib_init_stdio_1                    0x00000127   Thumb Code     0  libinit2.o(.ARM.Collect$$libinit$$00000023)
    __rt_lib_init_user_alloc_1               0x00000127   Thumb Code     0  libinit2.o(.ARM.Collect$$libinit$$0000000A)
    __rt_lib_shutdown                        0x00000129   Thumb Code     0  libshutdown.o(.ARM.Collect$$libshutdown$$00000000)
    __rt_lib_shutdown_fp_trap_1              0x0000012b   Thumb Code     0  libshutdown2.o(.ARM.Collect$$libshutdown$$00000006)
    __rt_lib_shutdown_heap_1                 0x0000012b   Thumb Code     0  libshutdown2.o(.ARM.Collect$$libshutdown$$0000000E)
    __rt_lib_shutdown_return                 0x0000012b   Thumb Code     0  libshutdown2.o(.ARM.Collect$$libshutdown$$0000000F)
    __rt_lib_shutdown_signal_1               0x0000012b   Thumb Code     0  libshutdown2.o(.ARM.Collect$$libshutdown$$00000009)
    __rt_lib_shutdown_stdio_1                0x0000012b   Thumb Code     0  libshutdown2.o(.ARM.Collect$$libshutdown$$00000003)
    __rt_lib_shutdown_user_alloc_1           0x0000012b   Thumb Code     0  libshutdown2.o(.ARM.Collect$$libshutdown$$0000000B)
    __rt_entry                               0x0000012d   Thumb Code     0  rtentry.o(.ARM.Collect$$rtentry$$00000000)
    __rt_entry_presh_1                       0x0000012d   Thumb Code     0  rtentry2.o(.ARM.Collect$$rtentry$$00000002)
    __rt_entry_sh                            0x0000012d   Thumb Code     0  rtentry4.o(.ARM.Collect$$rtentry$$00000004)
    __rt_entry_li                            0x00000133   Thumb Code     0  rtentry2.o(.ARM.Collect$$rtentry$$0000000A)
    __rt_entry_postsh_1                      0x00000133   Thumb Code     0  rtentry2.o(.ARM.Collect$$rtentry$$00000009)
    __rt_entry_main                          0x00000137   Thumb Code     0  rtentry2.o(.ARM.Collect$$rtentry$$0000000D)
    __rt_entry_postli_1                      0x00000137   Thumb Code     0  rtentry2.o(.ARM.Collect$$rtentry$$0000000C)
    __rt_exit                                0x0000013f   Thumb Code     0  rtexit.o(.ARM.Collect$$rtexit$$00000000)
    __rt_exit_ls                             0x00000141   Thumb Code     0  rtexit2.o(.ARM.Collect$$rtexit$$00000003)
    __rt_exit_prels_1                        0x00000141   Thumb Code     0  rtexit2.o(.ARM.Collect$$rtexit$$00000002)
    __rt_exit_exit                           0x00000145   Thumb Code     0  rtexit2.o(.ARM.Collect$$rtexit$$00000004)
    __aeabi_memcpy4                          0x0000014d   Thumb Code    56  rt_memcpy.o(.emb_text)
    __aeabi_memcpy8                          0x0000014d   Thumb Code     0  rt_memcpy.o(.emb_text)
    Reset_Handler                            0x00000185   Thumb Code    32  startup_nuc1xx.o(.text)
    NMI_Handler                              0x000001a5   Thumb Code     2  startup_nuc1xx.o(.text)
    HardFault_Handler                        0x000001a7   Thumb Code     2  startup_nuc1xx.o(.text)
    SVC_Handler                              0x000001a9   Thumb Code     2  startup_nuc1xx.o(.text)
    PendSV_Handler                           0x000001ab   Thumb Code     2  startup_nuc1xx.o(.text)
    SysTick_Handler                          0x000001ad   Thumb Code     2  startup_nuc1xx.o(.text)
    ACMP_IRQHandler                          0x000001af   Thumb Code     0  startup_nuc1xx.o(.text)
    ADC_IRQHandler                           0x000001af   Thumb Code     0  startup_nuc1xx.o(.text)
    CAN0_IRQHandler                          0x000001af   Thumb Code     0  startup_nuc1xx.o(.text)
    I2C0_IRQHandler                          0x000001af   Thumb Code     0  startup_nuc1xx.o(.text)
    I2C1_IRQHandler                          0x000001af   Thumb Code     0  startup_nuc1xx.o(.text)
    I2S_IRQHandler                           0x000001af   Thumb Code     0  startup_nuc1xx.o(.text)
    PDMA_IRQHandler                          0x000001af   Thumb Code     0  startup_nuc1xx.o(.text)
    PS2_IRQHandler                           0x000001af   Thumb Code     0  startup_nuc1xx.o(.text)
    PWMA_IRQHandler                          0x000001af   Thumb Code     0  startup_nuc1xx.o(.text)
    PWMB_IRQHandler                          0x000001af   Thumb Code     0  startup_nuc1xx.o(.text)
    RTC_IRQHandler                           0x000001af   Thumb Code     0  startup_nuc1xx.o(.text)
    SPI0_IRQHandler                          0x000001af   Thumb Code     0  startup_nuc1xx.o(.text)
    SPI1_IRQHandler                          0x000001af   Thumb Code     0  startup_nuc1xx.o(.text)
    SPI2_IRQHandler                          0x000001af   Thumb Code     0  startup_nuc1xx.o(.text)
    SPI3_IRQHandler                          0x000001af   Thumb Code     0  startup_nuc1xx.o(.text)
    USBD_IRQHandler                          0x000001af   Thumb Code     0  startup_nuc1xx.o(.text)
    __user_initial_stackheap                 0x000001b1   Thumb Code     0  startup_nuc1xx.o(.text)
    __aeabi_assert                           0x000001e9   Thumb Code    82  assert.o(.text)
    __assert                                 0x000001e9   Thumb Code     0  assert.o(.text)
    __aeabi_memcpy                           0x00000265   Thumb Code   130  rt_memcpy.o(.text)
    __rt_memcpy                              0x00000265   Thumb Code     0  rt_memcpy.o(.text)
    __aeabi_uidiv                            0x000002e7   Thumb Code     0  aeabi_sdiv.o(.text)
    __aeabi_uidivmod                         0x000002e7   Thumb Code    20  aeabi_sdiv.o(.text)
    __aeabi_idiv                             0x000002fb   Thumb Code     0  aeabi_sdiv.o(.text)
    __aeabi_idivmod                          0x000002fb   Thumb Code   326  aeabi_sdiv.o(.text)
    __use_two_region_memory                  0x00000441   Thumb Code     2  heapauxi.o(.text)
    __rt_heap_escrow$2region                 0x00000443   Thumb Code     2  heapauxi.o(.text)
    __rt_heap_expand$2region                 0x00000445   Thumb Code     2  heapauxi.o(.text)
    abort                                    0x00000447   Thumb Code    16  abort.o(.text)
    __assert_puts                            0x00000457   Thumb Code    20  assert_puts.o(.text)
    _sys_exit                                0x0000046d   Thumb Code     8  sys_exit.o(.text)
    __rt_SIGABRT                             0x00000479   Thumb Code    12  defsig_abrt_outer.o(.text)
    __I$use$semihosting                      0x00000485   Thumb Code     0  use_no_semi.o(.text)
    __use_no_semihosting_swi                 0x00000485   Thumb Code     2  use_no_semi.o(.text)
    __semihosting_library_function           0x00000487   Thumb Code     0  indicate_semi.o(.text)
    __user_setup_stackheap                   0x00000487   Thumb Code    62  sys_stackheap_outer.o(.text)
    exit                                     0x000004c5   Thumb Code    12  exit.o(.text)
    __sig_exit                               0x000004d1   Thumb Code    12  defsig_exit.o(.text)
    __rt_SIGABRT_inner                       0x000004dd   Thumb Code    14  defsig_abrt_inner.o(.text)
    __user_libspace                          0x0000050d   Thumb Code     8  libspace.o(.text)
    __user_perproc_libspace                  0x0000050d   Thumb Code     0  libspace.o(.text)
    __user_perthread_libspace                0x0000050d   Thumb Code     0  libspace.o(.text)
    __default_signal_display                 0x00000515   Thumb Code    52  defsig_general.o(.text)
    __decompress                             0x00000549   Thumb Code     0  __dczerorl2.o(.text)
    __decompress1                            0x00000549   Thumb Code    86  __dczerorl2.o(.text)
    BOD_IRQHandler                           0x000005a1   Thumb Code    36  drvsys.o(i.BOD_IRQHandler)
    ClkInit                                  0x0000069d   Thumb Code    44  main.o(i.ClkInit)
    DataExInit                               0x000006d1   Thumb Code   532  uartapi.o(i.DataExInit)
    DataExRoutine                            0x00000921   Thumb Code   296  uartapi.o(i.DataExRoutine)
    DrvGPIO_InitFunction                     0x00000a65   Thumb Code  1864  drvgpio.o(i.DrvGPIO_InitFunction)
    DrvGPIO_Open                             0x000011bd   Thumb Code   126  drvgpio.o(i.DrvGPIO_Open)
    DrvSYS_Delay                             0x00001245   Thumb Code    36  drvsys.o(i.DrvSYS_Delay)
    DrvSYS_GetExtClockFreq                   0x00001271   Thumb Code     4  drvsys.o(i.DrvSYS_GetExtClockFreq)
    DrvSYS_GetPLLClockFreq                   0x00001279   Thumb Code   104  drvsys.o(i.DrvSYS_GetPLLClockFreq)
    DrvSYS_SelectHCLKSource                  0x000012f1   Thumb Code    46  drvsys.o(i.DrvSYS_SelectHCLKSource)
    DrvSYS_SelectIPClockSource               0x00001329   Thumb Code   342  drvsys.o(i.DrvSYS_SelectIPClockSource)
    DrvSYS_SetOscCtrl                        0x00001489   Thumb Code   118  drvsys.o(i.DrvSYS_SetOscCtrl)
    DrvSYS_SetPLLMode                        0x00001509   Thumb Code    46  drvsys.o(i.DrvSYS_SetPLLMode)
    DrvUART_EnableInt                        0x0000153d   Thumb Code   238  drvuart.o(i.DrvUART_EnableInt)
    DrvUART_Open                             0x0000163d   Thumb Code   604  drvuart.o(i.DrvUART_Open)
    DrvUART_SetFnRS485                       0x000018a5   Thumb Code   190  drvuart.o(i.DrvUART_SetFnRS485)
    EINT0_IRQHandler                         0x00001969   Thumb Code    26  drvgpio.o(i.EINT0_IRQHandler)
    EINT1_IRQHandler                         0x0000198d   Thumb Code    26  drvgpio.o(i.EINT1_IRQHandler)
    EnterCriticalSection                     0x000019b1   Thumb Code     4  port.o(i.EnterCriticalSection)
    ExitCriticalSection                      0x000019b5   Thumb Code     4  port.o(i.ExitCriticalSection)
    GPAB_IRQHandler                          0x000019b9   Thumb Code    60  drvgpio.o(i.GPAB_IRQHandler)
    GPCDE_IRQHandler                         0x000019fd   Thumb Code    68  drvgpio.o(i.GPCDE_IRQHandler)
    GPIOInit                                 0x00001a49   Thumb Code   102  io_logic.o(i.GPIOInit)
    GetUart1Baud                             0x00001ab5   Thumb Code    82  io_logic.o(i.GetUart1Baud)
    MBCoilsRead                              0x00001b55   Thumb Code    26  uartapi.o(i.MBCoilsRead)
    MBCoilsWrite                             0x00001b79   Thumb Code    32  uartapi.o(i.MBCoilsWrite)
    MBDiscreteRead                           0x00001ba1   Thumb Code    38  uartapi.o(i.MBDiscreteRead)
    MBHoldingRegRead                         0x00001bd1   Thumb Code   418  uartapi.o(i.MBHoldingRegRead)
    MBHoldingRegWrite                        0x00001d7d   Thumb Code   498  uartapi.o(i.MBHoldingRegWrite)
    MBInputRegRead                           0x00001f81   Thumb Code   118  uartapi.o(i.MBInputRegRead)
    PWRWU_IRQHandler                         0x00002015   Thumb Code    32  drvsys.o(i.PWRWU_IRQHandler)
    SendChar                                 0x0000203d   Thumb Code    12  retarget.o(i.SendChar)
    SendChar_ToUART                          0x00002049   Thumb Code    44  retarget.o(i.SendChar_ToUART)
    SystemCoreClockUpdate                    0x00002079   Thumb Code   132  system_nuc1xx.o(i.SystemCoreClockUpdate)
    SystemInit                               0x00002119   Thumb Code     2  system_nuc1xx.o(i.SystemInit)
    TMR0_IRQHandler                          0x0000211d   Thumb Code   144  drvtimer.o(i.TMR0_IRQHandler)
    TMR1_IRQHandler                          0x000021b9   Thumb Code   108  drvtimer.o(i.TMR1_IRQHandler)
    TMR2_IRQHandler                          0x0000222d   Thumb Code   144  drvtimer.o(i.TMR2_IRQHandler)
    TMR3_IRQHandler                          0x000022c9   Thumb Code   144  drvtimer.o(i.TMR3_IRQHandler)
    UART02_IRQHandler                        0x00002365   Thumb Code    44  drvuart.o(i.UART02_IRQHandler)
    UART1_IRQHandler                         0x0000243d   Thumb Code    24  drvuart.o(i.UART1_IRQHandler)
    Uart1Init                                0x0000245d   Thumb Code    42  uartapi.o(i.Uart1Init)
    Uart1Receive                             0x00002489   Thumb Code    56  uartapi.o(i.Uart1Receive)
    Uart1Send                                0x000024c5   Thumb Code    20  uartapi.o(i.Uart1Send)
    WDT_IRQHandler                           0x000024dd   Thumb Code    44  drvtimer.o(i.WDT_IRQHandler)
    __ARM_common_switch8                     0x00002511   Thumb Code    28  io_logic.o(i.__ARM_common_switch8)
    _ttywrch                                 0x0000252d   Thumb Code    12  retarget.o(i._ttywrch)
    eMBEnable                                0x00002539   Thumb Code    32  mb.o(i.eMBEnable)
    eMBFuncReadCoils                         0x00002561   Thumb Code   186  mbfunccoils.o(i.eMBFuncReadCoils)
    eMBFuncReadDiscreteInputs                0x0000261b   Thumb Code   184  mbfuncdisc.o(i.eMBFuncReadDiscreteInputs)
    eMBFuncReadHoldingRegister               0x000026d3   Thumb Code   138  mbfuncholding.o(i.eMBFuncReadHoldingRegister)
    eMBFuncReadInputRegister                 0x0000275d   Thumb Code   138  mbfuncinput.o(i.eMBFuncReadInputRegister)
    eMBFuncReadWriteMultipleHoldingRegister  0x000027e7   Thumb Code   224  mbfuncholding.o(i.eMBFuncReadWriteMultipleHoldingRegister)
    eMBFuncReportSlaveID                     0x000028c9   Thumb Code    30  mbfuncother.o(i.eMBFuncReportSlaveID)
    eMBFuncWriteCoil                         0x000028f1   Thumb Code   112  mbfunccoils.o(i.eMBFuncWriteCoil)
    eMBFuncWriteHoldingRegister              0x00002961   Thumb Code    64  mbfuncholding.o(i.eMBFuncWriteHoldingRegister)
    eMBFuncWriteMultipleCoils                0x000029a1   Thumb Code   154  mbfunccoils.o(i.eMBFuncWriteMultipleCoils)
    eMBFuncWriteMultipleHoldingRegister      0x00002a3b   Thumb Code   108  mbfuncholding.o(i.eMBFuncWriteMultipleHoldingRegister)
    eMBInit                                  0x00002aa9   Thumb Code   148  mb.o(i.eMBInit)
    eMBPoll                                  0x00002b85   Thumb Code   282  mb.o(i.eMBPoll)
    eMBRTUInit                               0x00002ccd   Thumb Code    92  mbrtu.o(i.eMBRTUInit)
    eMBRTUReceive                            0x00002d2d   Thumb Code    88  mbrtu.o(i.eMBRTUReceive)
    eMBRTUSend                               0x00002dc9   Thumb Code   120  mbrtu.o(i.eMBRTUSend)
    eMBRTUStart                              0x00002e55   Thumb Code    34  mbrtu.o(i.eMBRTUStart)
    eMBRTUStop                               0x00002e7d   Thumb Code    24  mbrtu.o(i.eMBRTUStop)
    eMBRegCoilsCB                            0x00002e95   Thumb Code   174  uartapi.o(i.eMBRegCoilsCB)
    eMBRegDiscreteCB                         0x00002f4d   Thumb Code    92  uartapi.o(i.eMBRegDiscreteCB)
    eMBRegHoldingCB                          0x00002fb1   Thumb Code   326  uartapi.o(i.eMBRegHoldingCB)
    eMBRegInputCB                            0x00003109   Thumb Code    68  uartapi.o(i.eMBRegInputCB)
    eMBSetSlaveID                            0x00003155   Thumb Code   108  mbfuncother.o(i.eMBSetSlaveID)
    main                                     0x000031c9   Thumb Code    40  main.o(i.main)
    prveMBError2Exception                    0x000031f1   Thumb Code    36  mbutils.o(i.prveMBError2Exception)
    usMBCRC16                                0x00003235   Thumb Code    46  mbcrc.o(i.usMBCRC16)
    vMBPortSerialEnable                      0x0000326d   Thumb Code    76  portserial.o(i.vMBPortSerialEnable)
    vMBPortTimersDisable                     0x000032bd   Thumb Code     2  porttimer.o(i.vMBPortTimersDisable)
    vMBPortTimersEnable                      0x000032bf   Thumb Code     2  porttimer.o(i.vMBPortTimersEnable)
    xMBPortEventGet                          0x000032c1   Thumb Code    28  portevent.o(i.xMBPortEventGet)
    xMBPortEventInit                         0x000032e5   Thumb Code    10  portevent.o(i.xMBPortEventInit)
    xMBPortEventPost                         0x000032f5   Thumb Code    16  portevent.o(i.xMBPortEventPost)
    xMBPortSerialGetByte                     0x0000330d   Thumb Code    34  portserial.o(i.xMBPortSerialGetByte)
    xMBPortSerialInit                        0x00003335   Thumb Code   190  portserial.o(i.xMBPortSerialInit)
    xMBPortSerialPutByte                     0x000033fd   Thumb Code    24  portserial.o(i.xMBPortSerialPutByte)
    xMBPortTimersInit                        0x00003419   Thumb Code    50  porttimer.o(i.xMBPortTimersInit)
    xMBRTUReceiveFSM                         0x00003451   Thumb Code   180  mbrtu.o(i.xMBRTUReceiveFSM)
    xMBRTUTimerT35Expired                    0x00003545   Thumb Code   140  mbrtu.o(i.xMBRTUTimerT35Expired)
    xMBRTUTransmitFSM                        0x000035f5   Thumb Code   150  mbrtu.o(i.xMBRTUTransmitFSM)
    xMBUtilGetBits                           0x000036cd   Thumb Code    50  mbutils.o(i.xMBUtilGetBits)
    xMBUtilSetBits                           0x00003701   Thumb Code   108  mbutils.o(i.xMBUtilSetBits)
    Region$$Table$$Base                      0x000039ec   Number         0  anon$$obj.o(Region$$Table)
    Region$$Table$$Limit                     0x00003a0c   Number         0  anon$$obj.o(Region$$Table)
    RxCnt                                    0x20000000   Data           1  uartapi.o(.data)
    TxCnt                                    0x20000001   Data           1  uartapi.o(.data)
    data_in_len                              0x20000002   Data           1  uartapi.o(.data)
    dil                                      0x20000003   Data           1  uartapi.o(.data)
    data_out_len                             0x20000004   Data           1  uartapi.o(.data)
    dol                                      0x20000005   Data           1  uartapi.o(.data)
    SetDoneFlag                              0x2000001a   Data           1  uartapi.o(.data)
    SetDoneFlag1                             0x2000001b   Data           1  uartapi.o(.data)
    pxMBFrameCBByteReceived                  0x20000048   Data           4  mb.o(.data)
    pxMBFrameCBTransmitterEmpty              0x2000004c   Data           4  mb.o(.data)
    pxMBPortCBTimerExpired                   0x20000050   Data           4  mb.o(.data)
    pxMBFrameCBReceiveFSMCur                 0x20000054   Data           4  mb.o(.data)
    pxMBFrameCBTransmitFSMCur                0x20000058   Data           4  mb.o(.data)
    g_pfnTMR1callback                        0x20000100   Data           4  drvtimer.o(.data)
    bIsTimer0Initial                         0x20000104   Data           4  drvtimer.o(.data)
    bIsTimer1Initial                         0x20000108   Data           4  drvtimer.o(.data)
    bIsTimer2Initial                         0x2000010c   Data           4  drvtimer.o(.data)
    bIsTimer3Initial                         0x20000110   Data           4  drvtimer.o(.data)
    bIsTimer0Used                            0x20000114   Data           4  drvtimer.o(.data)
    bIsTimer1Used                            0x20000118   Data           4  drvtimer.o(.data)
    bIsTimer2Used                            0x2000011c   Data           4  drvtimer.o(.data)
    bIsTimer3Used                            0x20000120   Data           4  drvtimer.o(.data)
    bIsSetTime0Event                         0x20000124   Data           4  drvtimer.o(.data)
    bIsSetTime1Event                         0x20000128   Data           4  drvtimer.o(.data)
    bIsSetTime2Event                         0x2000012c   Data           4  drvtimer.o(.data)
    bIsSetTime3Event                         0x20000130   Data           4  drvtimer.o(.data)
    u32EXTClockFreq                          0x20000164   Data           4  drvtimer.o(.data)
    SystemCoreClock                          0x20000178   Data           4  system_nuc1xx.o(.data)
    CyclesPerUs                              0x2000017c   Data           4  system_nuc1xx.o(.data)
    gau32ClkSrcTbl                           0x20000180   Data          20  system_nuc1xx.o(.data)
    RxBuf                                    0x20000194   Data          80  uartapi.o(.bss)
    TxBuf                                    0x200001e4   Data          60  uartapi.o(.bss)
    ucRTUBuf                                 0x20000270   Data         256  mbrtu.o(.bss)
    __libspace_start                         0x200003e0   Data          96  libspace.o(.bss)
    __temporary_stack_top$libspace           0x20000440   Data           0  libspace.o(.bss)



==============================================================================

Memory Map of the image

  Image Entry point : 0x00000185

  Load Region LR_1 (Base: 0x00000000, Size: 0x00003ba0, Max: 0xffffffff, ABSOLUTE, COMPRESSED[0x00003a5c])

    Execution Region ER_RO (Base: 0x00000000, Size: 0x00003a0c, Max: 0xffffffff, ABSOLUTE)

    Base Addr    Size         Type   Attr      Idx    E Section Name        Object

    0x00000000   0x000000c0   Data   RO         1722    RESET               startup_nuc1xx.o
    0x000000c0   0x00000008   Code   RO         1741  * !!!main             c_p.l(__main.o)
    0x000000c8   0x0000003c   Code   RO         1915    !!!scatter          c_p.l(__scatter.o)
    0x00000104   0x0000001c   Code   RO         1917    !!handler_zi        c_p.l(__scatter_zi.o)
    0x00000120   0x00000002   Code   RO         1798    .ARM.Collect$$libinit$$00000000  c_p.l(libinit.o)
    0x00000122   0x00000004   Code   RO         1811    .ARM.Collect$$libinit$$00000001  c_p.l(libinit2.o)
    0x00000126   0x00000000   Code   RO         1815    .ARM.Collect$$libinit$$00000008  c_p.l(libinit2.o)
    0x00000126   0x00000000   Code   RO         1817    .ARM.Collect$$libinit$$0000000A  c_p.l(libinit2.o)
    0x00000126   0x00000000   Code   RO         1819    .ARM.Collect$$libinit$$0000000C  c_p.l(libinit2.o)
    0x00000126   0x00000000   Code   RO         1822    .ARM.Collect$$libinit$$0000000F  c_p.l(libinit2.o)
    0x00000126   0x00000000   Code   RO         1824    .ARM.Collect$$libinit$$00000011  c_p.l(libinit2.o)
    0x00000126   0x00000000   Code   RO         1826    .ARM.Collect$$libinit$$00000013  c_p.l(libinit2.o)
    0x00000126   0x00000000   Code   RO         1828    .ARM.Collect$$libinit$$00000015  c_p.l(libinit2.o)
    0x00000126   0x00000000   Code   RO         1830    .ARM.Collect$$libinit$$00000017  c_p.l(libinit2.o)
    0x00000126   0x00000000   Code   RO         1832    .ARM.Collect$$libinit$$00000019  c_p.l(libinit2.o)
    0x00000126   0x00000000   Code   RO         1834    .ARM.Collect$$libinit$$0000001B  c_p.l(libinit2.o)
    0x00000126   0x00000000   Code   RO         1836    .ARM.Collect$$libinit$$0000001D  c_p.l(libinit2.o)
    0x00000126   0x00000000   Code   RO         1838    .ARM.Collect$$libinit$$0000001F  c_p.l(libinit2.o)
    0x00000126   0x00000000   Code   RO         1840    .ARM.Collect$$libinit$$00000021  c_p.l(libinit2.o)
    0x00000126   0x00000000   Code   RO         1842    .ARM.Collect$$libinit$$00000023  c_p.l(libinit2.o)
    0x00000126   0x00000000   Code   RO         1846    .ARM.Collect$$libinit$$0000002A  c_p.l(libinit2.o)
    0x00000126   0x00000000   Code   RO         1848    .ARM.Collect$$libinit$$0000002C  c_p.l(libinit2.o)
    0x00000126   0x00000000   Code   RO         1850    .ARM.Collect$$libinit$$0000002E  c_p.l(libinit2.o)
    0x00000126   0x00000000   Code   RO         1852    .ARM.Collect$$libinit$$00000030  c_p.l(libinit2.o)
    0x00000126   0x00000002   Code   RO         1853    .ARM.Collect$$libinit$$00000031  c_p.l(libinit2.o)
    0x00000128   0x00000002   Code   RO         1887    .ARM.Collect$$libshutdown$$00000000  c_p.l(libshutdown.o)
    0x0000012a   0x00000000   Code   RO         1898    .ARM.Collect$$libshutdown$$00000003  c_p.l(libshutdown2.o)
    0x0000012a   0x00000000   Code   RO         1901    .ARM.Collect$$libshutdown$$00000006  c_p.l(libshutdown2.o)
    0x0000012a   0x00000000   Code   RO         1904    .ARM.Collect$$libshutdown$$00000009  c_p.l(libshutdown2.o)
    0x0000012a   0x00000000   Code   RO         1906    .ARM.Collect$$libshutdown$$0000000B  c_p.l(libshutdown2.o)
    0x0000012a   0x00000000   Code   RO         1909    .ARM.Collect$$libshutdown$$0000000E  c_p.l(libshutdown2.o)
    0x0000012a   0x00000002   Code   RO         1910    .ARM.Collect$$libshutdown$$0000000F  c_p.l(libshutdown2.o)
    0x0000012c   0x00000000   Code   RO         1743    .ARM.Collect$$rtentry$$00000000  c_p.l(rtentry.o)
    0x0000012c   0x00000000   Code   RO         1755    .ARM.Collect$$rtentry$$00000002  c_p.l(rtentry2.o)
    0x0000012c   0x00000006   Code   RO         1767    .ARM.Collect$$rtentry$$00000004  c_p.l(rtentry4.o)
    0x00000132   0x00000000   Code   RO         1757    .ARM.Collect$$rtentry$$00000009  c_p.l(rtentry2.o)
    0x00000132   0x00000004   Code   RO         1758    .ARM.Collect$$rtentry$$0000000A  c_p.l(rtentry2.o)
    0x00000136   0x00000000   Code   RO         1760    .ARM.Collect$$rtentry$$0000000C  c_p.l(rtentry2.o)
    0x00000136   0x00000008   Code   RO         1761    .ARM.Collect$$rtentry$$0000000D  c_p.l(rtentry2.o)
    0x0000013e   0x00000002   Code   RO         1803    .ARM.Collect$$rtexit$$00000000  c_p.l(rtexit.o)
    0x00000140   0x00000000   Code   RO         1855    .ARM.Collect$$rtexit$$00000002  c_p.l(rtexit2.o)
    0x00000140   0x00000004   Code   RO         1856    .ARM.Collect$$rtexit$$00000003  c_p.l(rtexit2.o)
    0x00000144   0x00000006   Code   RO         1857    .ARM.Collect$$rtexit$$00000004  c_p.l(rtexit2.o)
    0x0000014a   0x00000002   PAD
    0x0000014c   0x00000038   Code   RO         1731    .emb_text           c_p.l(rt_memcpy.o)
    0x00000184   0x00000064   Code   RO         1723  * .text               startup_nuc1xx.o
    0x000001e8   0x0000007c   Code   RO         1729    .text               c_p.l(assert.o)
    0x00000264   0x00000082   Code   RO         1732    .text               c_p.l(rt_memcpy.o)
    0x000002e6   0x0000015a   Code   RO         1735    .text               c_p.l(aeabi_sdiv.o)
    0x00000440   0x00000006   Code   RO         1739    .text               c_p.l(heapauxi.o)
    0x00000446   0x00000010   Code   RO         1748    .text               c_p.l(abort.o)
    0x00000456   0x00000014   Code   RO         1750    .text               c_p.l(assert_puts.o)
    0x0000046a   0x00000002   PAD
    0x0000046c   0x0000000c   Code   RO         1752    .text               c_p.l(sys_exit.o)
    0x00000478   0x0000000c   Code   RO         1771    .text               c_p.l(defsig_abrt_outer.o)
    0x00000484   0x00000002   Code   RO         1775    .text               c_p.l(use_no_semi.o)
    0x00000486   0x00000000   Code   RO         1777    .text               c_p.l(indicate_semi.o)
    0x00000486   0x0000003e   Code   RO         1778    .text               c_p.l(sys_stackheap_outer.o)
    0x000004c4   0x0000000c   Code   RO         1783    .text               c_p.l(exit.o)
    0x000004d0   0x0000000c   Code   RO         1785    .text               c_p.l(defsig_exit.o)
    0x000004dc   0x00000030   Code   RO         1787    .text               c_p.l(defsig_abrt_inner.o)
    0x0000050c   0x00000008   Code   RO         1799    .text               c_p.l(libspace.o)
    0x00000514   0x00000034   Code   RO         1807    .text               c_p.l(defsig_general.o)
    0x00000548   0x00000056   Code   RO         1913    .text               c_p.l(__dczerorl2.o)
    0x0000059e   0x00000002   PAD
    0x000005a0   0x00000028   Code   RO          876    i.BOD_IRQHandler    drvsys.o
    0x000005c8   0x000000d4   Code   RO         1473    i.BaudRateCalculator  drvuart.o
    0x0000069c   0x00000034   Code   RO            1    i.ClkInit           main.o
    0x000006d0   0x00000250   Code   RO          119    i.DataExInit        uartapi.o
    0x00000920   0x00000144   Code   RO          120    i.DataExRoutine     uartapi.o
    0x00000a64   0x00000758   Code   RO          663    i.DrvGPIO_InitFunction  drvgpio.o
    0x000011bc   0x00000088   Code   RO          664    i.DrvGPIO_Open      drvgpio.o
    0x00001244   0x0000002c   Code   RO          879    i.DrvSYS_Delay      drvsys.o
    0x00001270   0x00000008   Code   RO          894    i.DrvSYS_GetExtClockFreq  drvsys.o
    0x00001278   0x00000078   Code   RO          896    i.DrvSYS_GetPLLClockFreq  drvsys.o
    0x000012f0   0x00000038   Code   RO          908    i.DrvSYS_SelectHCLKSource  drvsys.o
    0x00001328   0x00000160   Code   RO          909    i.DrvSYS_SelectIPClockSource  drvsys.o
    0x00001488   0x00000080   Code   RO          916    i.DrvSYS_SetOscCtrl  drvsys.o
    0x00001508   0x00000034   Code   RO          918    i.DrvSYS_SetPLLMode  drvsys.o
    0x0000153c   0x00000100   Code   RO         1478    i.DrvUART_EnableInt  drvuart.o
    0x0000163c   0x00000268   Code   RO         1483    i.DrvUART_Open      drvuart.o
    0x000018a4   0x000000c4   Code   RO         1487    i.DrvUART_SetFnRS485  drvuart.o
    0x00001968   0x00000024   Code   RO          671    i.EINT0_IRQHandler  drvgpio.o
    0x0000198c   0x00000024   Code   RO          672    i.EINT1_IRQHandler  drvgpio.o
    0x000019b0   0x00000004   Code   RO          225    i.EnterCriticalSection  port.o
    0x000019b4   0x00000004   Code   RO          226    i.ExitCriticalSection  port.o
    0x000019b8   0x00000044   Code   RO          673    i.GPAB_IRQHandler   drvgpio.o
    0x000019fc   0x0000004c   Code   RO          674    i.GPCDE_IRQHandler  drvgpio.o
    0x00001a48   0x0000006c   Code   RO           87    i.GPIOInit          io_logic.o
    0x00001ab4   0x00000058   Code   RO           88    i.GetUart1Baud      io_logic.o
    0x00001b0c   0x00000048   Code   RO         1490    i.GetUartClk        drvuart.o
    0x00001b54   0x00000024   Code   RO          121    i.MBCoilsRead       uartapi.o
    0x00001b78   0x00000028   Code   RO          122    i.MBCoilsWrite      uartapi.o
    0x00001ba0   0x00000030   Code   RO          123    i.MBDiscreteRead    uartapi.o
    0x00001bd0   0x000001ac   Code   RO          124    i.MBHoldingRegRead  uartapi.o
    0x00001d7c   0x00000204   Code   RO          125    i.MBHoldingRegWrite  uartapi.o
    0x00001f80   0x00000080   Code   RO          126    i.MBInputRegRead    uartapi.o
    0x00002000   0x00000014   Code   RO         1492    i.NVIC_EnableIRQ    drvuart.o
    0x00002014   0x00000028   Code   RO          924    i.PWRWU_IRQHandler  drvsys.o
    0x0000203c   0x0000000c   Code   RO         1614    i.SendChar          retarget.o
    0x00002048   0x00000030   Code   RO         1615    i.SendChar_ToUART   retarget.o
    0x00002078   0x000000a0   Code   RO         1690    i.SystemCoreClockUpdate  system_nuc1xx.o
    0x00002118   0x00000002   Code   RO         1691    i.SystemInit        system_nuc1xx.o
    0x0000211a   0x00000002   PAD
    0x0000211c   0x0000009c   Code   RO         1218    i.TMR0_IRQHandler   drvtimer.o
    0x000021b8   0x00000074   Code   RO         1220    i.TMR1_IRQHandler   drvtimer.o
    0x0000222c   0x0000009c   Code   RO         1221    i.TMR2_IRQHandler   drvtimer.o
    0x000022c8   0x0000009c   Code   RO         1222    i.TMR3_IRQHandler   drvtimer.o
    0x00002364   0x0000003c   Code   RO         1493    i.UART02_IRQHandler  drvuart.o
    0x000023a0   0x0000009c   Code   RO          277    i.UART0Handler      portserial.o
    0x0000243c   0x00000020   Code   RO         1494    i.UART1_IRQHandler  drvuart.o
    0x0000245c   0x0000002a   Code   RO          127    i.Uart1Init         uartapi.o
    0x00002486   0x00000002   PAD
    0x00002488   0x0000003c   Code   RO          128    i.Uart1Receive      uartapi.o
    0x000024c4   0x00000018   Code   RO          129    i.Uart1Send         uartapi.o
    0x000024dc   0x00000034   Code   RO         1223    i.WDT_IRQHandler    drvtimer.o
    0x00002510   0x0000001c   Code   RO          102    i.__ARM_common_switch8  io_logic.o
    0x0000252c   0x0000000c   Code   RO         1616    i._ttywrch          retarget.o
    0x00002538   0x00000028   Code   RO          588    i.eMBEnable         mb.o
    0x00002560   0x000000ba   Code   RO          460    i.eMBFuncReadCoils  mbfunccoils.o
    0x0000261a   0x000000b8   Code   RO          487    i.eMBFuncReadDiscreteInputs  mbfuncdisc.o
    0x000026d2   0x0000008a   Code   RO          499    i.eMBFuncReadHoldingRegister  mbfuncholding.o
    0x0000275c   0x0000008a   Code   RO          529    i.eMBFuncReadInputRegister  mbfuncinput.o
    0x000027e6   0x000000e0   Code   RO          500    i.eMBFuncReadWriteMultipleHoldingRegister  mbfuncholding.o
    0x000028c6   0x00000002   PAD
    0x000028c8   0x00000028   Code   RO          541    i.eMBFuncReportSlaveID  mbfuncother.o
    0x000028f0   0x00000070   Code   RO          461    i.eMBFuncWriteCoil  mbfunccoils.o
    0x00002960   0x00000040   Code   RO          501    i.eMBFuncWriteHoldingRegister  mbfuncholding.o
    0x000029a0   0x0000009a   Code   RO          462    i.eMBFuncWriteMultipleCoils  mbfunccoils.o
    0x00002a3a   0x0000006c   Code   RO          502    i.eMBFuncWriteMultipleHoldingRegister  mbfuncholding.o
    0x00002aa6   0x00000002   PAD
    0x00002aa8   0x000000dc   Code   RO          589    i.eMBInit           mb.o
    0x00002b84   0x00000148   Code   RO          590    i.eMBPoll           mb.o
    0x00002ccc   0x00000060   Code   RO          383    i.eMBRTUInit        mbrtu.o
    0x00002d2c   0x0000009c   Code   RO          384    i.eMBRTUReceive     mbrtu.o
    0x00002dc8   0x0000008c   Code   RO          385    i.eMBRTUSend        mbrtu.o
    0x00002e54   0x00000028   Code   RO          386    i.eMBRTUStart       mbrtu.o
    0x00002e7c   0x00000018   Code   RO          387    i.eMBRTUStop        mbrtu.o
    0x00002e94   0x000000b8   Code   RO          130    i.eMBRegCoilsCB     uartapi.o
    0x00002f4c   0x00000064   Code   RO          131    i.eMBRegDiscreteCB  uartapi.o
    0x00002fb0   0x00000158   Code   RO          132    i.eMBRegHoldingCB   uartapi.o
    0x00003108   0x0000004c   Code   RO          133    i.eMBRegInputCB     uartapi.o
    0x00003154   0x00000074   Code   RO          542    i.eMBSetSlaveID     mbfuncother.o
    0x000031c8   0x00000028   Code   RO            2    i.main              main.o
    0x000031f0   0x00000024   Code   RO          562    i.prveMBError2Exception  mbutils.o
    0x00003214   0x00000010   Code   RO          278    i.prvvUARTRxISR     portserial.o
    0x00003224   0x00000010   Code   RO          279    i.prvvUARTTxReadyISR  portserial.o
    0x00003234   0x00000038   Code   RO          369    i.usMBCRC16         mbcrc.o
    0x0000326c   0x00000050   Code   RO          281    i.vMBPortSerialEnable  portserial.o
    0x000032bc   0x00000002   Code   RO          345    i.vMBPortTimersDisable  porttimer.o
    0x000032be   0x00000002   Code   RO          346    i.vMBPortTimersEnable  porttimer.o
    0x000032c0   0x00000024   Code   RO          249    i.xMBPortEventGet   portevent.o
    0x000032e4   0x00000010   Code   RO          250    i.xMBPortEventInit  portevent.o
    0x000032f4   0x00000018   Code   RO          251    i.xMBPortEventPost  portevent.o
    0x0000330c   0x00000028   Code   RO          282    i.xMBPortSerialGetByte  portserial.o
    0x00003334   0x000000c8   Code   RO          283    i.xMBPortSerialInit  portserial.o
    0x000033fc   0x0000001c   Code   RO          284    i.xMBPortSerialPutByte  portserial.o
    0x00003418   0x00000038   Code   RO          347    i.xMBPortTimersInit  porttimer.o
    0x00003450   0x000000f4   Code   RO          388    i.xMBRTUReceiveFSM  mbrtu.o
    0x00003544   0x000000b0   Code   RO          389    i.xMBRTUTimerT35Expired  mbrtu.o
    0x000035f4   0x000000d8   Code   RO          390    i.xMBRTUTransmitFSM  mbrtu.o
    0x000036cc   0x00000032   Code   RO          563    i.xMBUtilGetBits    mbutils.o
    0x000036fe   0x00000002   PAD
    0x00003700   0x00000098   Code   RO          564    i.xMBUtilSetBits    mbutils.o
    0x00003798   0x00000200   Data   RO          370    .constdata          mbcrc.o
    0x00003998   0x00000010   Data   RO          925    .constdata          drvsys.o
    0x000039a8   0x00000041   Data   RO          392    .conststring        mbrtu.o
    0x000039e9   0x00000003   PAD
    0x000039ec   0x00000020   Data   RO         1911    Region$$Table       anon$$obj.o


    Execution Region ER_RW (Base: 0x20000000, Size: 0x00000194, Max: 0xffffffff, ABSOLUTE, COMPRESSED[0x00000050])

    Base Addr    Size         Type   Attr      Idx    E Section Name        Object

    0x20000000   0x0000001c   Data   RW          135    .data               uartapi.o
    0x2000001c   0x00000002   Data   RW          252    .data               portevent.o
    0x2000001e   0x00000002   PAD
    0x20000020   0x0000000c   Data   RW          393    .data               mbrtu.o
    0x2000002c   0x00000002   Data   RW          544    .data               mbfuncother.o
    0x2000002e   0x00000002   PAD
    0x20000030   0x000000b5   Data   RW          592    .data               mb.o
    0x200000e5   0x00000003   PAD
    0x200000e8   0x00000010   Data   RW          678    .data               drvgpio.o
    0x200000f8   0x00000008   Data   RW          926    .data               drvsys.o
    0x20000100   0x0000006c   Data   RW         1226    .data               drvtimer.o
    0x2000016c   0x0000000c   Data   RW         1495    .data               drvuart.o
    0x20000178   0x0000001c   Data   RW         1692    .data               system_nuc1xx.o


    Execution Region ER_ZI (Base: 0x20000194, Size: 0x000006ac, Max: 0xffffffff, ABSOLUTE)

    Base Addr    Size         Type   Attr      Idx    E Section Name        Object

    0x20000194   0x000000dc   Zero   RW          134    .bss                uartapi.o
    0x20000270   0x00000100   Zero   RW          391    .bss                mbrtu.o
    0x20000370   0x00000020   Zero   RW          543    .bss                mbfuncother.o
    0x20000390   0x00000050   Zero   RW         1224    .bss                drvtimer.o
    0x200003e0   0x00000060   Zero   RW         1800    .bss                c_p.l(libspace.o)
    0x20000440   0x00000000   Zero   RW         1721    HEAP                startup_nuc1xx.o
    0x20000440   0x00000400   Zero   RW         1720    STACK               startup_nuc1xx.o


==============================================================================

Image component sizes


      Code (inc. data)   RO Data    RW Data    ZI Data      Debug   Object Name

         0          0          0          0          0         32   core_cm0.o
      2232        130          0         16          0       5213   drvgpio.o
       840         92         16          8          0       5400   drvsys.o
       636         52          0        108         80       4631   drvtimer.o
      1464         82          0         12          0      13763   drvuart.o
       224         22          0          0          0     118358   io_logic.o
        92          8          0          0          0     139306   main.o
       588        126          0        181          0       4132   mb.o
        56         10        512          0          0       1232   mbcrc.o
       452          0          0          0          0       3778   mbfunccoils.o
       184          0          0          0          0       1620   mbfuncdisc.o
       534          0          0          0          0       4971   mbfuncholding.o
       138          0          0          0          0       1547   mbfuncinput.o
       156         18          0          2         32       2159   mbfuncother.o
      1092        264         65         12        256       6943   mbrtu.o
       238         44          0          0          0       2638   mbutils.o
         8          0          0          0          0       1697   port.o
        76         22          0          2          0       2160   portevent.o
       536         46          0          0          0       5237   portserial.o
        60          6          0          0          0       1473   porttimer.o
        72          4          0          0          0       1564   retarget.o
       100         46        192          0       1024        640   startup_nuc1xx.o
       162         28          0         28          0       1882   system_nuc1xx.o
      2942        246          0         28        220      11399   uartapi.o

    ----------------------------------------------------------------------
     12892       1246        820        404       1612     341775   Object Totals
         0          0         32          0          0          0   (incl. Generated)
        10          0          3          7          0          0   (incl. Padding)

    ----------------------------------------------------------------------

      Code (inc. data)   RO Data    RW Data    ZI Data      Debug   Library Member Name

        86          0          0          0          0          0   __dczerorl2.o
         8          0          0          0          0         68   __main.o
        60          8          0          0          0          0   __scatter.o
        28          0          0          0          0          0   __scatter_zi.o
        16          0          0          0          0         64   abort.o
       346          0          0          0          0         92   aeabi_sdiv.o
       124         42          0          0          0         68   assert.o
        20          0          0          0          0         68   assert_puts.o
        48         34          0          0          0         68   defsig_abrt_inner.o
        12          0          0          0          0         68   defsig_abrt_outer.o
        12          0          0          0          0         68   defsig_exit.o
        52          0          0          0          0         72   defsig_general.o
        12          0          0          0          0         64   exit.o
         6          0          0          0          0        136   heapauxi.o
         0          0          0          0          0          0   indicate_semi.o
         2          0          0          0          0          0   libinit.o
         6          0          0          0          0          0   libinit2.o
         2          0          0          0          0          0   libshutdown.o
         2          0          0          0          0          0   libshutdown2.o
         8          4          0          0         96         68   libspace.o
       186          0          0          0          0        144   rt_memcpy.o
         0          0          0          0          0          0   rtentry.o
        12          0          0          0          0          0   rtentry2.o
         6          0          0          0          0          0   rtentry4.o
         2          0          0          0          0          0   rtexit.o
        10          0          0          0          0          0   rtexit2.o
        12          4          0          0          0         60   sys_exit.o
        62          0          0          0          0         80   sys_stackheap_outer.o
         2          0          0          0          0         68   use_no_semi.o

    ----------------------------------------------------------------------
      1148         92          0          0         96       1256   Library Totals
         6          0          0          0          0          0   (incl. Padding)

    ----------------------------------------------------------------------

      Code (inc. data)   RO Data    RW Data    ZI Data      Debug   Library Name

      1142         92          0          0         96       1256   c_p.l

    ----------------------------------------------------------------------
      1148         92          0          0         96       1256   Library Totals

    ----------------------------------------------------------------------

==============================================================================


      Code (inc. data)   RO Data    RW Data    ZI Data      Debug   

     14040       1338        820        404       1708     338527   Grand Totals
     14040       1338        820         80       1708     338527   ELF Image Totals (compressed)
     14040       1338        820         80          0          0   ROM Totals

==============================================================================

    Total RO  Size (Code + RO Data)                14860 (  14.51kB)
    Total RW  Size (RW Data + ZI Data)              2112 (   2.06kB)
    Total ROM Size (Code + RO Data + RW Data)      14940 (  14.59kB)

==============================================================================

